<?xml version="1.0" encoding="UTF-8"?>
<TestRun id="381d05fb-70d4-40a1-838d-a005fcdb2ad6" name="ori@APC-DB1 2016-08-18 18:36:44" runUser="CROW\ori" xmlns="http://microsoft.com/schemas/VisualStudio/TeamTest/2010">
  <TestSettings name="Default Test Settings" id="8c914a49-39ed-49a9-b3bc-b7f0be9173ec">
    <Deployment userDeploymentRoot="D:\SourceCode\SSDT\DataCenter\TestResults" useDefaultDeploymentRoot="false" runDeploymentRoot="ori_APC-DB1 2016-08-18 18_36_44" />
    <Execution>
      <TestTypeSpecific />
      <AgentRule name="Execution Agents">
      </AgentRule>
    </Execution>
    <Properties />
  </TestSettings>
  <Times creation="2016-08-18T18:36:44.2277964+03:00" queuing="2016-08-18T18:36:45.2497807+03:00" start="2016-08-18T18:36:45.5627753+03:00" finish="2016-08-18T18:37:01.0394976+03:00" />
  <ResultSummary outcome="Completed">
    <Counters total="1" executed="1" passed="1" error="0" failed="0" timeout="0" aborted="0" inconclusive="0" passedButRunAborted="0" notRunnable="0" notExecuted="0" disconnected="0" warning="0" completed="0" inProgress="0" pending="0" />
  </ResultSummary>
  <TestDefinitions>
    <UnitTest name="test_01_01_EXTR_ERP_PROCACT_Merge_update_ACT" storage="d:\sourcecode\ssdt\datacentertest\bin\debug\datacentertest.dll" id="47e0f115-93fe-c4f9-b43b-15dc08565991">
      <TestCategory>
        <TestCategoryItem TestCategory="ETL" />
        <TestCategoryItem TestCategory="EXTR.PROCACT" />
      </TestCategory>
      <Execution id="e163abdd-3875-495b-8214-1fb63d5dccc8" />
      <TestMethod codeBase="D:/SourceCode/SSDT/DataCenterTest/bin/Debug/DataCenterTest.DLL" adapterTypeName="Microsoft.VisualStudio.TestTools.TestTypes.Unit.UnitTestAdapter, Microsoft.VisualStudio.QualityTools.Tips.UnitTest.Adapter, Version=14.0.0.0, Culture=neutral, PublicKeyToken=b03f5f7f11d50a3a" className="DataCenterTest.test_EXTR_PROCACT, DataCenterTest, Version=1.0.0.0, Culture=neutral, PublicKeyToken=null" name="test_01_01_EXTR_ERP_PROCACT_Merge_update_ACT" />
    </UnitTest>
  </TestDefinitions>
  <TestLists>
    <TestList name="Results Not in a List" id="8c84fa94-04c1-424b-9868-57a2d4851a1d" />
    <TestList name="All Loaded Results" id="19431567-8539-422a-85d7-44ee4e166bda" />
  </TestLists>
  <TestEntries>
    <TestEntry testId="47e0f115-93fe-c4f9-b43b-15dc08565991" executionId="e163abdd-3875-495b-8214-1fb63d5dccc8" testListId="8c84fa94-04c1-424b-9868-57a2d4851a1d" />
  </TestEntries>
  <Results>
    <UnitTestResult executionId="e163abdd-3875-495b-8214-1fb63d5dccc8" testId="47e0f115-93fe-c4f9-b43b-15dc08565991" testName="test_01_01_EXTR_ERP_PROCACT_Merge_update_ACT" computerName="APC-DB1" duration="00:00:14.4534627" startTime="2016-08-18T18:36:45.6297745+03:00" endTime="2016-08-18T18:37:00.8484997+03:00" testType="13cdc9d9-ddb5-4fa4-a97d-d965ccfc6d4b" outcome="Passed" testListId="8c84fa94-04c1-424b-9868-57a2d4851a1d" relativeResultsDirectory="e163abdd-3875-495b-8214-1fb63d5dccc8">
      <Output>
        <DebugTrace>Executing test script...
1 batches, 1 ResultSets, 91175 rows affected
Validating rowCountCondition1
Validating scalarValueCondition1
</DebugTrace>
      </Output>
    </UnitTestResult>
  </Results>
</TestRun>